// Jest Snapshot v1, https://goo.gl/fbAQLP

exports[`TimePickerModal renders snapshot correctly 1`] = `
<Modal
  animationType="none"
  deviceHeight={null}
  deviceWidth={null}
  hardwareAccelerated={false}
  hideModalContentWhileAnimating={false}
  onBackdropPress={[Function]}
  onModalHide={[Function]}
  onModalWillHide={[Function]}
  onModalWillShow={[Function]}
  onRequestClose={[Function]}
  panResponderThreshold={4}
  scrollHorizontal={false}
  scrollOffset={0}
  scrollOffsetMax={0}
  scrollTo={null}
  statusBarTranslucent={false}
  supportedOrientations={
    Array [
      "portrait",
      "landscape",
    ]
  }
  swipeThreshold={100}
  transparent={true}
  visible={true}
>
  <View
    accessible={true}
    collapsable={false}
    focusable={true}
    forwardedRef={[Function]}
    onClick={[Function]}
    onResponderGrant={[Function]}
    onResponderMove={[Function]}
    onResponderRelease={[Function]}
    onResponderTerminate={[Function]}
    onResponderTerminationRequest={[Function]}
    onStartShouldSetResponder={[Function]}
    style={
      Object {
        "backgroundColor": "black",
        "bottom": 0,
        "height": 1334,
        "left": 0,
        "opacity": 0,
        "position": "absolute",
        "right": 0,
        "top": 0,
        "width": 750,
      }
    }
  />
  <View
    collapsable={false}
    deviceHeight={null}
    deviceWidth={null}
    forwardedRef={[Function]}
    hideModalContentWhileAnimating={false}
    onBackdropPress={[Function]}
    onModalHide={[Function]}
    onModalWillHide={[Function]}
    onModalWillShow={[Function]}
    panResponderThreshold={4}
    pointerEvents="box-none"
    scrollHorizontal={false}
    scrollOffset={0}
    scrollOffsetMax={0}
    scrollTo={null}
    statusBarTranslucent={false}
    style={
      Object {
        "flex": 1,
        "justifyContent": "center",
        "margin": 37.5,
        "opacity": 0,
        "transform": Array [
          Object {
            "translateY": 0,
          },
        ],
      }
    }
    supportedOrientations={
      Array [
        "portrait",
        "landscape",
      ]
    }
    swipeThreshold={100}
  >
    <View
      style={
        Object {
          "backgroundColor": "#ffffff",
          "borderRadius": 10,
          "height": 435.1,
          "padding": 50,
          "paddingBottom": 0,
          "paddingTop": 20,
          "width": 675,
        }
      }
    >
      <View
        style={
          Object {
            "alignItems": "center",
            "flex": 1,
            "flexDirection": "row",
            "justifyContent": "center",
          }
        }
      >
        <View
          style={
            Object {
              "width": 60,
            }
          }
        >
          <View
            style={
              Object {
                "backgroundColor": "#fafafa",
                "flex": 1,
                "height": 345,
                "overflow": "hidden",
              }
            }
          >
            <View
              style={
                Object {
                  "borderBottomColor": "#ffffff",
                  "borderBottomWidth": 0.5,
                  "borderTopColor": "#ffffff",
                  "borderTopWidth": 0.5,
                  "height": 49.3,
                  "position": "absolute",
                  "top": 147.85,
                  "width": 750,
                }
              }
            />
            <RCTScrollView
              bounces={false}
              nestedScrollEnabled={true}
              onMomentumScrollBegin={[Function]}
              onMomentumScrollEnd={[Function]}
              onScrollBeginDrag={[Function]}
              onScrollEndDrag={[Function]}
              showsVerticalScrollIndicator={false}
            >
              <View>
                <View
                  style={
                    Object {
                      "flex": 1,
                      "height": 147.85,
                    }
                  }
                />
                <View
                  style={
                    Array [
                      Object {
                        "alignItems": "center",
                        "height": 30,
                        "justifyContent": "center",
                      },
                      Object {
                        "height": 49.3,
                      },
                    ]
                  }
                >
                  <View>
                    <Text
                      style={
                        Array [
                          Object {
                            "color": "black",
                            "fontFamily": "BebasNeue",
                            "fontSize": 24,
                            "marginBottom": 10,
                            "marginTop": 10,
                          },
                          Object {
                            "textAlign": "right",
                          },
                        ]
                      }
                    >
                      1
                    </Text>
                  </View>
                </View>
                <View
                  style={
                    Array [
                      Object {
                        "alignItems": "center",
                        "height": 30,
                        "justifyContent": "center",
                      },
                      Object {
                        "height": 49.3,
                      },
                    ]
                  }
                >
                  <View>
                    <Text
                      style={
                        Array [
                          Object {
                            "color": "black",
                            "fontFamily": "BebasNeue",
                            "fontSize": 24,
                            "marginBottom": 10,
                            "marginTop": 10,
                          },
                          Object {
                            "textAlign": "right",
                          },
                        ]
                      }
                    >
                      2
                    </Text>
                  </View>
                </View>
                <View
                  style={
                    Array [
                      Object {
                        "alignItems": "center",
                        "height": 30,
                        "justifyContent": "center",
                      },
                      Object {
                        "height": 49.3,
                      },
                    ]
                  }
                >
                  <View>
                    <Text
                      style={
                        Array [
                          Object {
                            "color": "black",
                            "fontFamily": "BebasNeue",
                            "fontSize": 24,
                            "marginBottom": 10,
                            "marginTop": 10,
                          },
                          Object {
                            "textAlign": "right",
                          },
                        ]
                      }
                    >
                      3
                    </Text>
                  </View>
                </View>
                <View
                  style={
                    Array [
                      Object {
                        "alignItems": "center",
                        "height": 30,
                        "justifyContent": "center",
                      },
                      Object {
                        "height": 49.3,
                      },
                    ]
                  }
                >
                  <View>
                    <Text
                      style={
                        Array [
                          Object {
                            "color": "black",
                            "fontFamily": "BebasNeue",
                            "fontSize": 24,
                            "marginBottom": 10,
                            "marginTop": 10,
                          },
                          Object {
                            "textAlign": "right",
                          },
                        ]
                      }
                    >
                      4
                    </Text>
                  </View>
                </View>
                <View
                  style={
                    Array [
                      Object {
                        "alignItems": "center",
                        "height": 30,
                        "justifyContent": "center",
                      },
                      Object {
                        "height": 49.3,
                      },
                    ]
                  }
                >
                  <View>
                    <Text
                      style={
                        Array [
                          Object {
                            "color": "black",
                            "fontFamily": "BebasNeue",
                            "fontSize": 24,
                            "marginBottom": 10,
                            "marginTop": 10,
                          },
                          Object {
                            "textAlign": "right",
                          },
                        ]
                      }
                    >
                      5
                    </Text>
                  </View>
                </View>
                <View
                  style={
                    Array [
                      Object {
                        "alignItems": "center",
                        "height": 30,
                        "justifyContent": "center",
                      },
                      Object {
                        "height": 49.3,
                      },
                    ]
                  }
                >
                  <View>
                    <Text
                      style={
                        Array [
                          Object {
                            "color": "black",
                            "fontFamily": "BebasNeue",
                            "fontSize": 24,
                            "marginBottom": 10,
                            "marginTop": 10,
                          },
                          Object {
                            "textAlign": "right",
                          },
                        ]
                      }
                    >
                      6
                    </Text>
                  </View>
                </View>
                <View
                  style={
                    Array [
                      Object {
                        "alignItems": "center",
                        "height": 30,
                        "justifyContent": "center",
                      },
                      Object {
                        "height": 49.3,
                      },
                    ]
                  }
                >
                  <View>
                    <Text
                      style={
                        Array [
                          Object {
                            "color": "black",
                            "fontFamily": "BebasNeue",
                            "fontSize": 24,
                            "marginBottom": 10,
                            "marginTop": 10,
                          },
                          Object {
                            "textAlign": "right",
                          },
                        ]
                      }
                    >
                      7
                    </Text>
                  </View>
                </View>
                <View
                  style={
                    Array [
                      Object {
                        "alignItems": "center",
                        "height": 30,
                        "justifyContent": "center",
                      },
                      Object {
                        "height": 49.3,
                      },
                    ]
                  }
                >
                  <View>
                    <Text
                      style={
                        Array [
                          Object {
                            "color": "black",
                            "fontFamily": "BebasNeue",
                            "fontSize": 24,
                            "marginBottom": 10,
                            "marginTop": 10,
                          },
                          Object {
                            "textAlign": "right",
                          },
                        ]
                      }
                    >
                      8
                    </Text>
                  </View>
                </View>
                <View
                  style={
                    Array [
                      Object {
                        "alignItems": "center",
                        "height": 30,
                        "justifyContent": "center",
                      },
                      Object {
                        "height": 49.3,
                      },
                    ]
                  }
                >
                  <View>
                    <Text
                      style={
                        Array [
                          Object {
                            "color": "black",
                            "fontFamily": "BebasNeue",
                            "fontSize": 24,
                            "marginBottom": 10,
                            "marginTop": 10,
                          },
                          Object {
                            "textAlign": "right",
                          },
                        ]
                      }
                    >
                      9
                    </Text>
                  </View>
                </View>
                <View
                  style={
                    Array [
                      Object {
                        "alignItems": "center",
                        "height": 30,
                        "justifyContent": "center",
                      },
                      Object {
                        "height": 49.3,
                      },
                    ]
                  }
                >
                  <View>
                    <Text
                      style={
                        Array [
                          Object {
                            "color": "black",
                            "fontFamily": "BebasNeue",
                            "fontSize": 24,
                            "marginBottom": 10,
                            "marginTop": 10,
                          },
                          Object {
                            "textAlign": "right",
                          },
                        ]
                      }
                    >
                      10
                    </Text>
                  </View>
                </View>
                <View
                  style={
                    Array [
                      Object {
                        "alignItems": "center",
                        "height": 30,
                        "justifyContent": "center",
                      },
                      Object {
                        "height": 49.3,
                      },
                    ]
                  }
                >
                  <View>
                    <Text
                      style={
                        Array [
                          Object {
                            "color": "black",
                            "fontFamily": "BebasNeue",
                            "fontSize": 24,
                            "marginBottom": 10,
                            "marginTop": 10,
                          },
                          Object {
                            "textAlign": "right",
                          },
                        ]
                      }
                    >
                      11
                    </Text>
                  </View>
                </View>
                <View
                  style={
                    Array [
                      Object {
                        "alignItems": "center",
                        "height": 30,
                        "justifyContent": "center",
                      },
                      Object {
                        "height": 49.3,
                      },
                    ]
                  }
                >
                  <View>
                    <Text
                      style={
                        Array [
                          Object {
                            "color": "black",
                            "fontFamily": "BebasNeue",
                            "fontSize": 24,
                            "marginBottom": 10,
                            "marginTop": 10,
                          },
                          Object {
                            "textAlign": "right",
                          },
                        ]
                      }
                    >
                      12
                    </Text>
                  </View>
                </View>
                <View
                  style={
                    Object {
                      "flex": 1,
                      "height": 147.85,
                    }
                  }
                />
              </View>
            </RCTScrollView>
          </View>
        </View>
        <Text
          style={
            Array [
              Object {
                "color": "black",
                "fontFamily": "BebasNeue",
                "fontSize": 24,
                "marginBottom": 10,
                "marginTop": 10,
              },
              Object {
                "marginTop": 22,
                "textAlign": "right",
              },
            ]
          }
        >
          :
        </Text>
        <View
          style={
            Object {
              "width": 60,
            }
          }
        >
          <View
            style={
              Object {
                "backgroundColor": "#fafafa",
                "flex": 1,
                "height": 345,
                "overflow": "hidden",
              }
            }
          >
            <View
              style={
                Object {
                  "borderBottomColor": "#ffffff",
                  "borderBottomWidth": 0.5,
                  "borderTopColor": "#ffffff",
                  "borderTopWidth": 0.5,
                  "height": 49.3,
                  "position": "absolute",
                  "top": 147.85,
                  "width": 750,
                }
              }
            />
            <RCTScrollView
              bounces={false}
              nestedScrollEnabled={true}
              onMomentumScrollBegin={[Function]}
              onMomentumScrollEnd={[Function]}
              onScrollBeginDrag={[Function]}
              onScrollEndDrag={[Function]}
              showsVerticalScrollIndicator={false}
            >
              <View>
                <View
                  style={
                    Object {
                      "flex": 1,
                      "height": 147.85,
                    }
                  }
                />
                <View
                  style={
                    Array [
                      Object {
                        "alignItems": "center",
                        "height": 30,
                        "justifyContent": "center",
                      },
                      Object {
                        "height": 49.3,
                      },
                    ]
                  }
                >
                  <View>
                    <Text
                      style={
                        Object {
                          "color": "black",
                          "fontFamily": "BebasNeue",
                          "fontSize": 24,
                          "marginBottom": 10,
                          "marginTop": 10,
                        }
                      }
                    >
                      00
                    </Text>
                  </View>
                </View>
                <View
                  style={
                    Array [
                      Object {
                        "alignItems": "center",
                        "height": 30,
                        "justifyContent": "center",
                      },
                      Object {
                        "height": 49.3,
                      },
                    ]
                  }
                >
                  <View>
                    <Text
                      style={
                        Object {
                          "color": "black",
                          "fontFamily": "BebasNeue",
                          "fontSize": 24,
                          "marginBottom": 10,
                          "marginTop": 10,
                        }
                      }
                    >
                      30
                    </Text>
                  </View>
                </View>
                <View
                  style={
                    Object {
                      "flex": 1,
                      "height": 147.85,
                    }
                  }
                />
              </View>
            </RCTScrollView>
          </View>
        </View>
        <View
          style={
            Object {
              "width": 50,
            }
          }
        >
          <View
            style={
              Object {
                "backgroundColor": "#fafafa",
                "flex": 1,
                "height": 345,
                "overflow": "hidden",
              }
            }
          >
            <View
              style={
                Object {
                  "borderBottomColor": "#ffffff",
                  "borderBottomWidth": 0.5,
                  "borderTopColor": "#ffffff",
                  "borderTopWidth": 0.5,
                  "height": 49.3,
                  "position": "absolute",
                  "top": 147.85,
                  "width": 750,
                }
              }
            />
            <RCTScrollView
              bounces={false}
              nestedScrollEnabled={true}
              onMomentumScrollBegin={[Function]}
              onMomentumScrollEnd={[Function]}
              onScrollBeginDrag={[Function]}
              onScrollEndDrag={[Function]}
              showsVerticalScrollIndicator={false}
            >
              <View>
                <View
                  style={
                    Object {
                      "flex": 1,
                      "height": 147.85,
                    }
                  }
                />
                <View
                  style={
                    Array [
                      Object {
                        "alignItems": "center",
                        "height": 30,
                        "justifyContent": "center",
                      },
                      Object {
                        "height": 49.3,
                      },
                    ]
                  }
                >
                  <View>
                    <Text
                      style={
                        Object {
                          "color": "black",
                          "fontFamily": "BebasNeue",
                          "fontSize": 24,
                          "marginBottom": 10,
                          "marginTop": 10,
                        }
                      }
                    >
                      AM
                    </Text>
                  </View>
                </View>
                <View
                  style={
                    Array [
                      Object {
                        "alignItems": "center",
                        "height": 30,
                        "justifyContent": "center",
                      },
                      Object {
                        "height": 49.3,
                      },
                    ]
                  }
                >
                  <View>
                    <Text
                      style={
                        Object {
                          "color": "black",
                          "fontFamily": "BebasNeue",
                          "fontSize": 24,
                          "marginBottom": 10,
                          "marginTop": 10,
                        }
                      }
                    >
                      PM
                    </Text>
                  </View>
                </View>
                <View
                  style={
                    Object {
                      "flex": 1,
                      "height": 147.85,
                    }
                  }
                />
              </View>
            </RCTScrollView>
          </View>
        </View>
      </View>
      <BVLinearGradient
        colors={
          Array [
            4294967295,
            16777215,
          ]
        }
        endPoint={
          Object {
            "x": 0.5,
            "y": 1,
          }
        }
        locations={null}
        pointerEvents="none"
        startPoint={
          Object {
            "x": 0.5,
            "y": 0,
          }
        }
        style={
          Object {
            "borderRadius": 10,
            "borderWidth": 0,
            "height": 230,
            "position": "absolute",
            "top": 20,
            "width": 675,
          }
        }
      />
      <BVLinearGradient
        colors={
          Array [
            16777215,
            4294967295,
          ]
        }
        endPoint={
          Object {
            "x": 0.5,
            "y": 1,
          }
        }
        locations={null}
        pointerEvents="none"
        startPoint={
          Object {
            "x": 0.5,
            "y": 0,
          }
        }
        style={
          Object {
            "borderRadius": 10,
            "borderWidth": 0,
            "bottom": 74,
            "height": 230,
            "position": "absolute",
            "width": 675,
          }
        }
      />
      <View
        accessible={true}
        collapsable={false}
        focusable={true}
        hitSlop={16}
        onBlur={[Function]}
        onClick={[Function]}
        onFocus={[Function]}
        onResponderGrant={[Function]}
        onResponderMove={[Function]}
        onResponderRelease={[Function]}
        onResponderTerminate={[Function]}
        onResponderTerminationRequest={[Function]}
        onStartShouldSetResponder={[Function]}
        style={
          Array [
            Object {
              "opacity": 1,
            },
            Object {
              "alignItems": "center",
              "justifyContent": "center",
            },
            Object {
              "padding": 15,
              "position": "absolute",
              "right": 0,
              "top": 0,
            },
          ]
        }
        testID="close_btn"
      >
        <close.svg
          color="#333333"
        />
      </View>
      <View
        pointerEvents="none"
        style={
          Object {
            "borderBottomWidth": 1,
            "borderColor": "#dedede",
            "borderTopWidth": 1,
            "height": 50,
            "position": "absolute",
            "top": 165.5,
            "width": 675,
          }
        }
      >
        <Text>
             
        </Text>
      </View>
      <View
        style={
          Object {
            "alignItems": "center",
            "justifyContent": "center",
            "marginBottom": 10,
          }
        }
      >
        <View
          accessible={true}
          collapsable={false}
          focusable={true}
          onClick={[Function]}
          onResponderGrant={[Function]}
          onResponderMove={[Function]}
          onResponderRelease={[Function]}
          onResponderTerminate={[Function]}
          onResponderTerminationRequest={[Function]}
          onStartShouldSetResponder={[Function]}
          style={
            Object {
              "alignItems": "center",
              "borderRadius": 8,
              "flexDirection": "column",
              "height": 55,
              "justifyContent": "center",
              "marginBottom": 10,
              "marginTop": 10,
              "opacity": 1,
              "width": 675,
            }
          }
        >
          <BVLinearGradient
            colors={
              Array [
                4294610389,
                4294610389,
              ]
            }
            endPoint={
              Object {
                "x": 0.5,
                "y": 1,
              }
            }
            locations={null}
            startPoint={
              Object {
                "x": 0.5,
                "y": 0,
              }
            }
            style={
              Array [
                Object {
                  "alignItems": "center",
                  "borderRadius": 8,
                  "flexDirection": "column",
                  "height": 55,
                  "justifyContent": "center",
                  "marginBottom": 10,
                  "marginTop": 10,
                  "width": 675,
                },
                Object {
                  "width": 600,
                },
              ]
            }
          >
            <Text
              style={
                Object {
                  "color": "#ffffff",
                  "fontFamily": "OpenSans-Semibold",
                  "fontSize": 14,
                  "letterSpacing": 0,
                }
              }
            >
              SELECT
            </Text>
          </BVLinearGradient>
        </View>
      </View>
    </View>
  </View>
</Modal>
`;
