// Jest Snapshot v1, https://goo.gl/fbAQLP

exports[`ActivityOverview renders snapshot correctly 1`] = `
<RCTScrollView
  contentContainerStyle={
    Object {
      "paddingHorizontal": 31,
      "paddingTop": 16,
    }
  }
  getItem={[Function]}
  getItemCount={[Function]}
  horizontal={true}
  keyExtractor={[Function]}
  onContentSizeChange={[Function]}
  onLayout={[Function]}
  onMomentumScrollBegin={[Function]}
  onMomentumScrollEnd={[Function]}
  onScroll={[Function]}
  onScrollBeginDrag={[Function]}
  onScrollEndDrag={[Function]}
  removeClippedSubviews={false}
  renderItem={[Function]}
  scrollEventThrottle={50}
  stickyHeaderIndices={Array []}
  viewabilityConfigCallbackPairs={Array []}
>
  <View />
</RCTScrollView>
`;
