// Jest Snapshot v1, https://goo.gl/fbAQLP

exports[`DiaryCopyModal renders snapshot correctly 1`] = `
<Modal
  animationType="none"
  deviceHeight={null}
  deviceWidth={null}
  hardwareAccelerated={false}
  hideModalContentWhileAnimating={false}
  onBackdropPress={[MockFunction]}
  onModalHide={[Function]}
  onModalWillHide={[Function]}
  onModalWillShow={[Function]}
  onRequestClose={[Function]}
  panResponderThreshold={4}
  scrollHorizontal={false}
  scrollOffset={0}
  scrollOffsetMax={0}
  scrollTo={null}
  statusBarTranslucent={false}
  supportedOrientations={
    [
      "portrait",
      "landscape",
    ]
  }
  swipeThreshold={100}
  transparent={true}
  visible={true}
>
  <View
    accessible={true}
    collapsable={false}
    focusable={true}
    forwardedRef={[Function]}
    onClick={[Function]}
    onResponderGrant={[Function]}
    onResponderMove={[Function]}
    onResponderRelease={[Function]}
    onResponderTerminate={[Function]}
    onResponderTerminationRequest={[Function]}
    onStartShouldSetResponder={[Function]}
    style={
      {
        "backgroundColor": "black",
        "bottom": 0,
        "height": 1334,
        "left": 0,
        "opacity": 0,
        "position": "absolute",
        "right": 0,
        "top": 0,
        "width": 750,
      }
    }
  />
  <View
    collapsable={false}
    deviceHeight={null}
    deviceWidth={null}
    forwardedRef={[Function]}
    hideModalContentWhileAnimating={false}
    onBackdropPress={[MockFunction]}
    onModalHide={[Function]}
    onModalWillHide={[Function]}
    onModalWillShow={[Function]}
    panResponderThreshold={4}
    pointerEvents="box-none"
    scrollHorizontal={false}
    scrollOffset={0}
    scrollOffsetMax={0}
    scrollTo={null}
    statusBarTranslucent={false}
    style={
      {
        "flex": 1,
        "justifyContent": "center",
        "margin": 0,
        "transform": [
          {
            "translateY": 1334,
          },
        ],
      }
    }
    supportedOrientations={
      [
        "portrait",
        "landscape",
      ]
    }
    swipeThreshold={100}
  >
    <View
      style={
        {
          "alignItems": "center",
          "flexDirection": "column",
          "justifyContent": "center",
          "paddingHorizontal": 27,
        }
      }
    >
      <View
        style={
          {
            "alignItems": "center",
            "backgroundColor": "#ffffff",
            "borderRadius": 8,
            "flexDirection": "column",
            "height": 393,
            "paddingBottom": 29,
            "paddingHorizontal": 29,
            "paddingTop": 30,
            "position": "relative",
            "width": "100%",
          }
        }
      >
        <View
          accessible={true}
          collapsable={false}
          focusable={true}
          onClick={[Function]}
          onResponderGrant={[Function]}
          onResponderMove={[Function]}
          onResponderRelease={[Function]}
          onResponderTerminate={[Function]}
          onResponderTerminationRequest={[Function]}
          onStartShouldSetResponder={[Function]}
          style={
            {
              "opacity": 1,
              "position": "absolute",
              "right": 13,
              "top": 11,
            }
          }
          testID="close_btn"
        >
          <close.svg
            color="#333333"
          />
        </View>
        <Text
          style={
            {
              "color": "#000000",
              "fontFamily": "OpenSans-Bold",
              "fontSize": 17,
              "letterSpacing": -0.36,
              "textAlign": "center",
            }
          }
        >
          Copy Selected Foods
        </Text>
        <Text
          style={
            {
              "color": "#333333",
              "fontFamily": "OpenSans",
              "fontSize": 14,
              "marginBottom": 8,
              "marginTop": 5,
              "maxWidth": 276,
              "textAlign": "center",
            }
          }
        >
          Choose which day(s) to
          

          copy selected foods to.
        </Text>
        <Text
          style={
            {
              "color": "#bbbbbb",
              "fontFamily": "OpenSans-Semibold",
              "fontSize": 12,
              "marginBottom": 9,
              "marginTop": 18,
              "textAlign": "center",
            }
          }
        >
          This Week
        </Text>
        <View
          style={
            {
              "alignItems": "center",
              "flexDirection": "row",
            }
          }
        >
          <View
            style={
              {
                "alignItems": "center",
                "flexDirection": "column",
                "justifyContent": "center",
                "marginLeft": 5,
                "marginRight": 5,
              }
            }
          >
            <Text
              style={
                {
                  "color": "#bbbbbb",
                  "fontFamily": "OpenSans-Semibold",
                  "fontSize": 10,
                  "marginBottom": 2,
                  "textAlign": "center",
                }
              }
            >
              SUN
            </Text>
            <View
              accessibilityState={
                {
                  "disabled": false,
                }
              }
              accessible={true}
              collapsable={false}
              focusable={true}
              onClick={[Function]}
              onResponderGrant={[Function]}
              onResponderMove={[Function]}
              onResponderRelease={[Function]}
              onResponderTerminate={[Function]}
              onResponderTerminationRequest={[Function]}
              onStartShouldSetResponder={[Function]}
              style={
                {
                  "alignItems": "center",
                  "backgroundColor": "#bbbbbb",
                  "borderRadius": 15,
                  "flexDirection": "row",
                  "height": 30,
                  "justifyContent": "center",
                  "opacity": 1,
                  "width": 30,
                }
              }
            >
              <Text
                style={
                  [
                    {
                      "color": "#ffffff",
                      "fontFamily": "BebasNeue",
                      "fontSize": 14,
                      "textAlign": "center",
                    },
                    false,
                  ]
                }
              >
                2
              </Text>
            </View>
          </View>
          <View
            style={
              {
                "alignItems": "center",
                "flexDirection": "column",
                "justifyContent": "center",
                "marginLeft": 5,
                "marginRight": 5,
              }
            }
          >
            <Text
              style={
                {
                  "color": "#bbbbbb",
                  "fontFamily": "OpenSans-Semibold",
                  "fontSize": 10,
                  "marginBottom": 2,
                  "textAlign": "center",
                }
              }
            >
              MON
            </Text>
            <View
              accessibilityState={
                {
                  "disabled": false,
                }
              }
              accessible={true}
              collapsable={false}
              focusable={true}
              onClick={[Function]}
              onResponderGrant={[Function]}
              onResponderMove={[Function]}
              onResponderRelease={[Function]}
              onResponderTerminate={[Function]}
              onResponderTerminationRequest={[Function]}
              onStartShouldSetResponder={[Function]}
              style={
                {
                  "alignItems": "center",
                  "backgroundColor": "#bbbbbb",
                  "borderRadius": 15,
                  "flexDirection": "row",
                  "height": 30,
                  "justifyContent": "center",
                  "opacity": 1,
                  "width": 30,
                }
              }
            >
              <Text
                style={
                  [
                    {
                      "color": "#ffffff",
                      "fontFamily": "BebasNeue",
                      "fontSize": 14,
                      "textAlign": "center",
                    },
                    false,
                  ]
                }
              >
                3
              </Text>
            </View>
          </View>
          <View
            style={
              {
                "alignItems": "center",
                "flexDirection": "column",
                "justifyContent": "center",
                "marginLeft": 5,
                "marginRight": 5,
              }
            }
          >
            <Text
              style={
                {
                  "color": "#bbbbbb",
                  "fontFamily": "OpenSans-Semibold",
                  "fontSize": 10,
                  "marginBottom": 2,
                  "textAlign": "center",
                }
              }
            >
              TUE
            </Text>
            <View
              accessibilityState={
                {
                  "disabled": false,
                }
              }
              accessible={true}
              collapsable={false}
              focusable={true}
              onClick={[Function]}
              onResponderGrant={[Function]}
              onResponderMove={[Function]}
              onResponderRelease={[Function]}
              onResponderTerminate={[Function]}
              onResponderTerminationRequest={[Function]}
              onStartShouldSetResponder={[Function]}
              style={
                {
                  "alignItems": "center",
                  "backgroundColor": "#bbbbbb",
                  "borderRadius": 15,
                  "flexDirection": "row",
                  "height": 30,
                  "justifyContent": "center",
                  "opacity": 1,
                  "width": 30,
                }
              }
            >
              <Text
                style={
                  [
                    {
                      "color": "#ffffff",
                      "fontFamily": "BebasNeue",
                      "fontSize": 14,
                      "textAlign": "center",
                    },
                    false,
                  ]
                }
              >
                4
              </Text>
            </View>
          </View>
          <View
            style={
              {
                "alignItems": "center",
                "flexDirection": "column",
                "justifyContent": "center",
                "marginLeft": 5,
                "marginRight": 5,
              }
            }
          >
            <Text
              style={
                {
                  "color": "#bbbbbb",
                  "fontFamily": "OpenSans-Semibold",
                  "fontSize": 10,
                  "marginBottom": 2,
                  "textAlign": "center",
                }
              }
            >
              WED
            </Text>
            <View
              accessibilityState={
                {
                  "disabled": false,
                }
              }
              accessible={true}
              collapsable={false}
              focusable={true}
              onClick={[Function]}
              onResponderGrant={[Function]}
              onResponderMove={[Function]}
              onResponderRelease={[Function]}
              onResponderTerminate={[Function]}
              onResponderTerminationRequest={[Function]}
              onStartShouldSetResponder={[Function]}
              style={
                {
                  "alignItems": "center",
                  "backgroundColor": "#bbbbbb",
                  "borderRadius": 15,
                  "flexDirection": "row",
                  "height": 30,
                  "justifyContent": "center",
                  "opacity": 1,
                  "width": 30,
                }
              }
            >
              <Text
                style={
                  [
                    {
                      "color": "#ffffff",
                      "fontFamily": "BebasNeue",
                      "fontSize": 14,
                      "textAlign": "center",
                    },
                    false,
                  ]
                }
              >
                5
              </Text>
            </View>
          </View>
          <View
            style={
              {
                "alignItems": "center",
                "flexDirection": "column",
                "justifyContent": "center",
                "marginLeft": 5,
                "marginRight": 5,
              }
            }
          >
            <Text
              style={
                {
                  "color": "#bbbbbb",
                  "fontFamily": "OpenSans-Semibold",
                  "fontSize": 10,
                  "marginBottom": 2,
                  "textAlign": "center",
                }
              }
            >
              THU
            </Text>
            <View
              accessibilityState={
                {
                  "disabled": true,
                }
              }
              accessible={true}
              collapsable={false}
              focusable={true}
              onClick={[Function]}
              onResponderGrant={[Function]}
              onResponderMove={[Function]}
              onResponderRelease={[Function]}
              onResponderTerminate={[Function]}
              onResponderTerminationRequest={[Function]}
              onStartShouldSetResponder={[Function]}
              style={
                {
                  "alignItems": "center",
                  "backgroundColor": "#f3f3f3",
                  "borderRadius": 15,
                  "color": "#bbbbbb",
                  "flexDirection": "row",
                  "height": 30,
                  "justifyContent": "center",
                  "opacity": 1,
                  "width": 30,
                }
              }
            >
              <Text
                style={
                  [
                    {
                      "color": "#ffffff",
                      "fontFamily": "BebasNeue",
                      "fontSize": 14,
                      "textAlign": "center",
                    },
                    {
                      "color": "#bbbbbb",
                    },
                  ]
                }
              >
                6
              </Text>
            </View>
          </View>
          <View
            style={
              {
                "alignItems": "center",
                "flexDirection": "column",
                "justifyContent": "center",
                "marginLeft": 5,
                "marginRight": 5,
              }
            }
          >
            <Text
              style={
                {
                  "color": "#bbbbbb",
                  "fontFamily": "OpenSans-Semibold",
                  "fontSize": 10,
                  "marginBottom": 2,
                  "textAlign": "center",
                }
              }
            >
              FRI
            </Text>
            <View
              accessibilityState={
                {
                  "disabled": false,
                }
              }
              accessible={true}
              collapsable={false}
              focusable={true}
              onClick={[Function]}
              onResponderGrant={[Function]}
              onResponderMove={[Function]}
              onResponderRelease={[Function]}
              onResponderTerminate={[Function]}
              onResponderTerminationRequest={[Function]}
              onStartShouldSetResponder={[Function]}
              style={
                {
                  "alignItems": "center",
                  "backgroundColor": "#bbbbbb",
                  "borderRadius": 15,
                  "flexDirection": "row",
                  "height": 30,
                  "justifyContent": "center",
                  "opacity": 1,
                  "width": 30,
                }
              }
            >
              <Text
                style={
                  [
                    {
                      "color": "#ffffff",
                      "fontFamily": "BebasNeue",
                      "fontSize": 14,
                      "textAlign": "center",
                    },
                    false,
                  ]
                }
              >
                7
              </Text>
            </View>
          </View>
          <View
            style={
              {
                "alignItems": "center",
                "flexDirection": "column",
                "justifyContent": "center",
                "marginLeft": 5,
                "marginRight": 5,
              }
            }
          >
            <Text
              style={
                {
                  "color": "#bbbbbb",
                  "fontFamily": "OpenSans-Semibold",
                  "fontSize": 10,
                  "marginBottom": 2,
                  "textAlign": "center",
                }
              }
            >
              SAT
            </Text>
            <View
              accessibilityState={
                {
                  "disabled": false,
                }
              }
              accessible={true}
              collapsable={false}
              focusable={true}
              onClick={[Function]}
              onResponderGrant={[Function]}
              onResponderMove={[Function]}
              onResponderRelease={[Function]}
              onResponderTerminate={[Function]}
              onResponderTerminationRequest={[Function]}
              onStartShouldSetResponder={[Function]}
              style={
                {
                  "alignItems": "center",
                  "backgroundColor": "#bbbbbb",
                  "borderRadius": 15,
                  "flexDirection": "row",
                  "height": 30,
                  "justifyContent": "center",
                  "opacity": 1,
                  "width": 30,
                }
              }
            >
              <Text
                style={
                  [
                    {
                      "color": "#ffffff",
                      "fontFamily": "BebasNeue",
                      "fontSize": 14,
                      "textAlign": "center",
                    },
                    false,
                  ]
                }
              >
                8
              </Text>
            </View>
          </View>
        </View>
        <Text
          style={
            {
              "color": "#bbbbbb",
              "fontFamily": "OpenSans-Semibold",
              "fontSize": 12,
              "marginBottom": 9,
              "marginTop": 18,
              "textAlign": "center",
            }
          }
        >
          Next Week
        </Text>
        <View
          style={
            {
              "alignItems": "center",
              "flexDirection": "row",
            }
          }
        >
          <View
            style={
              {
                "alignItems": "center",
                "flexDirection": "column",
                "justifyContent": "center",
                "marginLeft": 5,
                "marginRight": 5,
              }
            }
          >
            <Text
              style={
                {
                  "color": "#bbbbbb",
                  "fontFamily": "OpenSans-Semibold",
                  "fontSize": 10,
                  "marginBottom": 2,
                  "textAlign": "center",
                }
              }
            >
              SUN
            </Text>
            <View
              accessibilityState={
                {
                  "disabled": false,
                }
              }
              accessible={true}
              collapsable={false}
              focusable={true}
              onClick={[Function]}
              onResponderGrant={[Function]}
              onResponderMove={[Function]}
              onResponderRelease={[Function]}
              onResponderTerminate={[Function]}
              onResponderTerminationRequest={[Function]}
              onStartShouldSetResponder={[Function]}
              style={
                {
                  "alignItems": "center",
                  "backgroundColor": "#bbbbbb",
                  "borderRadius": 15,
                  "flexDirection": "row",
                  "height": 30,
                  "justifyContent": "center",
                  "opacity": 1,
                  "width": 30,
                }
              }
            >
              <Text
                style={
                  [
                    {
                      "color": "#ffffff",
                      "fontFamily": "BebasNeue",
                      "fontSize": 14,
                      "textAlign": "center",
                    },
                    false,
                  ]
                }
              >
                9
              </Text>
            </View>
          </View>
          <View
            style={
              {
                "alignItems": "center",
                "flexDirection": "column",
                "justifyContent": "center",
                "marginLeft": 5,
                "marginRight": 5,
              }
            }
          >
            <Text
              style={
                {
                  "color": "#bbbbbb",
                  "fontFamily": "OpenSans-Semibold",
                  "fontSize": 10,
                  "marginBottom": 2,
                  "textAlign": "center",
                }
              }
            >
              MON
            </Text>
            <View
              accessibilityState={
                {
                  "disabled": false,
                }
              }
              accessible={true}
              collapsable={false}
              focusable={true}
              onClick={[Function]}
              onResponderGrant={[Function]}
              onResponderMove={[Function]}
              onResponderRelease={[Function]}
              onResponderTerminate={[Function]}
              onResponderTerminationRequest={[Function]}
              onStartShouldSetResponder={[Function]}
              style={
                {
                  "alignItems": "center",
                  "backgroundColor": "#bbbbbb",
                  "borderRadius": 15,
                  "flexDirection": "row",
                  "height": 30,
                  "justifyContent": "center",
                  "opacity": 1,
                  "width": 30,
                }
              }
            >
              <Text
                style={
                  [
                    {
                      "color": "#ffffff",
                      "fontFamily": "BebasNeue",
                      "fontSize": 14,
                      "textAlign": "center",
                    },
                    false,
                  ]
                }
              >
                10
              </Text>
            </View>
          </View>
          <View
            style={
              {
                "alignItems": "center",
                "flexDirection": "column",
                "justifyContent": "center",
                "marginLeft": 5,
                "marginRight": 5,
              }
            }
          >
            <Text
              style={
                {
                  "color": "#bbbbbb",
                  "fontFamily": "OpenSans-Semibold",
                  "fontSize": 10,
                  "marginBottom": 2,
                  "textAlign": "center",
                }
              }
            >
              TUE
            </Text>
            <View
              accessibilityState={
                {
                  "disabled": false,
                }
              }
              accessible={true}
              collapsable={false}
              focusable={true}
              onClick={[Function]}
              onResponderGrant={[Function]}
              onResponderMove={[Function]}
              onResponderRelease={[Function]}
              onResponderTerminate={[Function]}
              onResponderTerminationRequest={[Function]}
              onStartShouldSetResponder={[Function]}
              style={
                {
                  "alignItems": "center",
                  "backgroundColor": "#bbbbbb",
                  "borderRadius": 15,
                  "flexDirection": "row",
                  "height": 30,
                  "justifyContent": "center",
                  "opacity": 1,
                  "width": 30,
                }
              }
            >
              <Text
                style={
                  [
                    {
                      "color": "#ffffff",
                      "fontFamily": "BebasNeue",
                      "fontSize": 14,
                      "textAlign": "center",
                    },
                    false,
                  ]
                }
              >
                11
              </Text>
            </View>
          </View>
          <View
            style={
              {
                "alignItems": "center",
                "flexDirection": "column",
                "justifyContent": "center",
                "marginLeft": 5,
                "marginRight": 5,
              }
            }
          >
            <Text
              style={
                {
                  "color": "#bbbbbb",
                  "fontFamily": "OpenSans-Semibold",
                  "fontSize": 10,
                  "marginBottom": 2,
                  "textAlign": "center",
                }
              }
            >
              WED
            </Text>
            <View
              accessibilityState={
                {
                  "disabled": false,
                }
              }
              accessible={true}
              collapsable={false}
              focusable={true}
              onClick={[Function]}
              onResponderGrant={[Function]}
              onResponderMove={[Function]}
              onResponderRelease={[Function]}
              onResponderTerminate={[Function]}
              onResponderTerminationRequest={[Function]}
              onStartShouldSetResponder={[Function]}
              style={
                {
                  "alignItems": "center",
                  "backgroundColor": "#bbbbbb",
                  "borderRadius": 15,
                  "flexDirection": "row",
                  "height": 30,
                  "justifyContent": "center",
                  "opacity": 1,
                  "width": 30,
                }
              }
            >
              <Text
                style={
                  [
                    {
                      "color": "#ffffff",
                      "fontFamily": "BebasNeue",
                      "fontSize": 14,
                      "textAlign": "center",
                    },
                    false,
                  ]
                }
              >
                12
              </Text>
            </View>
          </View>
          <View
            style={
              {
                "alignItems": "center",
                "flexDirection": "column",
                "justifyContent": "center",
                "marginLeft": 5,
                "marginRight": 5,
              }
            }
          >
            <Text
              style={
                {
                  "color": "#bbbbbb",
                  "fontFamily": "OpenSans-Semibold",
                  "fontSize": 10,
                  "marginBottom": 2,
                  "textAlign": "center",
                }
              }
            >
              THU
            </Text>
            <View
              accessibilityState={
                {
                  "disabled": false,
                }
              }
              accessible={true}
              collapsable={false}
              focusable={true}
              onClick={[Function]}
              onResponderGrant={[Function]}
              onResponderMove={[Function]}
              onResponderRelease={[Function]}
              onResponderTerminate={[Function]}
              onResponderTerminationRequest={[Function]}
              onStartShouldSetResponder={[Function]}
              style={
                {
                  "alignItems": "center",
                  "backgroundColor": "#bbbbbb",
                  "borderRadius": 15,
                  "flexDirection": "row",
                  "height": 30,
                  "justifyContent": "center",
                  "opacity": 1,
                  "width": 30,
                }
              }
            >
              <Text
                style={
                  [
                    {
                      "color": "#ffffff",
                      "fontFamily": "BebasNeue",
                      "fontSize": 14,
                      "textAlign": "center",
                    },
                    false,
                  ]
                }
              >
                13
              </Text>
            </View>
          </View>
          <View
            style={
              {
                "alignItems": "center",
                "flexDirection": "column",
                "justifyContent": "center",
                "marginLeft": 5,
                "marginRight": 5,
              }
            }
          >
            <Text
              style={
                {
                  "color": "#bbbbbb",
                  "fontFamily": "OpenSans-Semibold",
                  "fontSize": 10,
                  "marginBottom": 2,
                  "textAlign": "center",
                }
              }
            >
              FRI
            </Text>
            <View
              accessibilityState={
                {
                  "disabled": false,
                }
              }
              accessible={true}
              collapsable={false}
              focusable={true}
              onClick={[Function]}
              onResponderGrant={[Function]}
              onResponderMove={[Function]}
              onResponderRelease={[Function]}
              onResponderTerminate={[Function]}
              onResponderTerminationRequest={[Function]}
              onStartShouldSetResponder={[Function]}
              style={
                {
                  "alignItems": "center",
                  "backgroundColor": "#bbbbbb",
                  "borderRadius": 15,
                  "flexDirection": "row",
                  "height": 30,
                  "justifyContent": "center",
                  "opacity": 1,
                  "width": 30,
                }
              }
            >
              <Text
                style={
                  [
                    {
                      "color": "#ffffff",
                      "fontFamily": "BebasNeue",
                      "fontSize": 14,
                      "textAlign": "center",
                    },
                    false,
                  ]
                }
              >
                14
              </Text>
            </View>
          </View>
          <View
            style={
              {
                "alignItems": "center",
                "flexDirection": "column",
                "justifyContent": "center",
                "marginLeft": 5,
                "marginRight": 5,
              }
            }
          >
            <Text
              style={
                {
                  "color": "#bbbbbb",
                  "fontFamily": "OpenSans-Semibold",
                  "fontSize": 10,
                  "marginBottom": 2,
                  "textAlign": "center",
                }
              }
            >
              SAT
            </Text>
            <View
              accessibilityState={
                {
                  "disabled": false,
                }
              }
              accessible={true}
              collapsable={false}
              focusable={true}
              onClick={[Function]}
              onResponderGrant={[Function]}
              onResponderMove={[Function]}
              onResponderRelease={[Function]}
              onResponderTerminate={[Function]}
              onResponderTerminationRequest={[Function]}
              onStartShouldSetResponder={[Function]}
              style={
                {
                  "alignItems": "center",
                  "backgroundColor": "#bbbbbb",
                  "borderRadius": 15,
                  "flexDirection": "row",
                  "height": 30,
                  "justifyContent": "center",
                  "opacity": 1,
                  "width": 30,
                }
              }
            >
              <Text
                style={
                  [
                    {
                      "color": "#ffffff",
                      "fontFamily": "BebasNeue",
                      "fontSize": 14,
                      "textAlign": "center",
                    },
                    false,
                  ]
                }
              >
                15
              </Text>
            </View>
          </View>
        </View>
        <View
          accessible={true}
          collapsable={false}
          focusable={true}
          onClick={[Function]}
          onResponderGrant={[Function]}
          onResponderMove={[Function]}
          onResponderRelease={[Function]}
          onResponderTerminate={[Function]}
          onResponderTerminationRequest={[Function]}
          onStartShouldSetResponder={[Function]}
          style={
            {
              "alignItems": "center",
              "backgroundColor": "#fa8dd5",
              "borderRadius": 8,
              "flexDirection": "column",
              "height": 55,
              "justifyContent": "center",
              "marginTop": 30,
              "opacity": 1,
              "width": "100%",
            }
          }
        >
          <Text
            style={
              {
                "color": "#ffffff",
                "fontFamily": "OpenSans-Semibold",
                "fontSize": 16,
                "letterSpacing": -0.39,
                "lineHeight": 22,
                "textAlign": "center",
              }
            }
          >
            COPY
          </Text>
        </View>
      </View>
    </View>
  </View>
</Modal>
`;
