// Jest Snapshot v1, https://goo.gl/fbAQLP

exports[`EditedRecipeModal renders snapshot correctly 1`] = `
<Modal
  animationType="none"
  deviceHeight={null}
  deviceWidth={null}
  hardwareAccelerated={false}
  hideModalContentWhileAnimating={false}
  onBackdropPress={[Function]}
  onModalHide={[Function]}
  onModalWillHide={[Function]}
  onModalWillShow={[Function]}
  onRequestClose={[Function]}
  panResponderThreshold={4}
  scrollHorizontal={false}
  scrollOffset={0}
  scrollOffsetMax={0}
  scrollTo={null}
  statusBarTranslucent={false}
  supportedOrientations={
    Array [
      "portrait",
      "landscape",
    ]
  }
  swipeThreshold={100}
  testID="modal_bg"
  transparent={true}
  visible={true}
>
  <View
    accessible={true}
    collapsable={false}
    focusable={true}
    forwardedRef={[Function]}
    onClick={[Function]}
    onResponderGrant={[Function]}
    onResponderMove={[Function]}
    onResponderRelease={[Function]}
    onResponderTerminate={[Function]}
    onResponderTerminationRequest={[Function]}
    onStartShouldSetResponder={[Function]}
    style={
      Object {
        "backgroundColor": "black",
        "bottom": 0,
        "height": 1334,
        "left": 0,
        "opacity": 0,
        "position": "absolute",
        "right": 0,
        "top": 0,
        "width": 750,
      }
    }
  />
  <View
    collapsable={false}
    deviceHeight={null}
    deviceWidth={null}
    forwardedRef={[Function]}
    hideModalContentWhileAnimating={false}
    onBackdropPress={[Function]}
    onModalHide={[Function]}
    onModalWillHide={[Function]}
    onModalWillShow={[Function]}
    panResponderThreshold={4}
    pointerEvents="box-none"
    scrollHorizontal={false}
    scrollOffset={0}
    scrollOffsetMax={0}
    scrollTo={null}
    statusBarTranslucent={false}
    style={
      Object {
        "flex": 1,
        "justifyContent": "center",
        "margin": 37.5,
        "transform": Array [
          Object {
            "translateY": 1334,
          },
        ],
      }
    }
    supportedOrientations={
      Array [
        "portrait",
        "landscape",
      ]
    }
    swipeThreshold={100}
  >
    <View
      style={
        Array [
          Object {
            "backgroundColor": "#ffffff",
            "borderRadius": 8,
            "marginHorizontal": 32,
            "minHeight": 197,
            "paddingBottom": 25,
            "paddingHorizontal": 25,
            "paddingTop": 39,
          },
          Object {
            "paddingHorizontal": 20,
            "paddingTop": 32,
          },
        ]
      }
    >
      <Text
        style={
          Object {
            "fontFamily": "OpenSans-Bold",
            "fontSize": 18,
            "textAlign": "center",
          }
        }
      >
        You previously
        

        edited this recipe
      </Text>
      <Text
        style={
          Object {
            "fontFamily": "OpenSans",
            "fontSize": 14,
            "marginTop": 16,
            "textAlign": "center",
          }
        }
      >
        Which version would you like to use?
      </Text>
      <View
        style={
          Array [
            Object {
              "alignItems": "center",
              "flexDirection": "row",
              "justifyContent": "space-between",
              "marginTop": 32,
              "width": "100%",
            },
            Object {
              "marginTop": 24,
            },
          ]
        }
      >
        <View
          accessible={true}
          collapsable={false}
          focusable={true}
          onBlur={[Function]}
          onClick={[Function]}
          onFocus={[Function]}
          onResponderGrant={[Function]}
          onResponderMove={[Function]}
          onResponderRelease={[Function]}
          onResponderTerminate={[Function]}
          onResponderTerminationRequest={[Function]}
          onStartShouldSetResponder={[Function]}
          style={
            Array [
              Object {
                "opacity": 1,
              },
              Object {
                "alignItems": "center",
                "borderRadius": 8,
                "height": 56,
                "justifyContent": "center",
                "width": 114,
              },
              Object {
                "alignItems": "center",
                "backgroundColor": "#fa8dd5",
                "borderRadius": 8,
                "flex": 1,
                "flexDirection": "row",
                "height": 48,
                "justifyContent": "center",
                "marginLeft": 0,
                "paddingHorizontal": 10,
              },
            ]
          }
        >
          <edited.svg
            color="#ffffff"
            style={
              Object {
                "marginRight": 8,
              }
            }
          />
          <Text
            style={
              Array [
                Object {
                  "color": "#ffffff",
                  "fontSize": 16,
                },
                Object {
                  "color": "#ffffff",
                  "fontFamily": "OpenSans-Semibold",
                  "fontSize": 16,
                  "letterSpacing": -0.39,
                  "lineHeight": 22,
                  "textAlign": "center",
                },
              ]
            }
          >
            KEEP
EDITED
          </Text>
        </View>
        <View
          accessible={true}
          collapsable={false}
          focusable={true}
          onBlur={[Function]}
          onClick={[Function]}
          onFocus={[Function]}
          onResponderGrant={[Function]}
          onResponderMove={[Function]}
          onResponderRelease={[Function]}
          onResponderTerminate={[Function]}
          onResponderTerminationRequest={[Function]}
          onStartShouldSetResponder={[Function]}
          style={
            Array [
              Object {
                "opacity": 1,
              },
              Object {
                "alignItems": "center",
                "borderRadius": 8,
                "height": 56,
                "justifyContent": "center",
                "width": 114,
              },
              Object {
                "alignItems": "center",
                "backgroundColor": "transparent",
                "borderColor": "#333333",
                "borderRadius": 8,
                "borderWidth": 1,
                "flex": 1,
                "flexDirection": "row",
                "height": 48,
                "justifyContent": "center",
                "marginLeft": 12.5,
                "paddingHorizontal": 10,
              },
            ]
          }
        >
          <Text
            style={
              Array [
                Object {
                  "color": "#ffffff",
                  "fontSize": 16,
                },
                Object {
                  "color": "#333333",
                  "fontFamily": "OpenSans-Semibold",
                  "fontSize": 16,
                  "letterSpacing": -0.39,
                  "lineHeight": 22,
                  "textAlign": "center",
                },
              ]
            }
          >
            USE ORIGINAL
          </Text>
        </View>
      </View>
    </View>
  </View>
</Modal>
`;
