// Jest Snapshot v1, https://goo.gl/fbAQLP

exports[`CalculatorMultiOption renders snapshot correctly 1`] = `
<View
  style={
    Object {
      "flex": 1,
      "flexDirection": "column",
      "justifyContent": "center",
      "marginBottom": 20,
      "marginTop": 20,
      "paddingLeft": 20,
      "paddingRight": 20,
      "width": 750,
    }
  }
>
  <Text
    style={
      Object {
        "color": "#333333",
        "fontFamily": "OpenSans-Semibold",
        "fontSize": 16,
      }
    }
  >
    title
  </Text>
  <View
    style={
      Object {
        "alignItems": "center",
        "flex": 2,
        "flexDirection": "row",
        "flexGrow": 0,
        "flexWrap": "wrap",
        "justifyContent": "space-between",
      }
    }
  >
    <View
      accessible={true}
      collapsable={false}
      focusable={true}
      onClick={[Function]}
      onResponderGrant={[Function]}
      onResponderMove={[Function]}
      onResponderRelease={[Function]}
      onResponderTerminate={[Function]}
      onResponderTerminationRequest={[Function]}
      onStartShouldSetResponder={[Function]}
      style={
        Object {
          "backgroundColor": "#fa8dd5",
          "borderRadius": 30,
          "height": 50,
          "marginBottom": 10,
          "marginTop": 10,
          "opacity": 1,
          "width": 322.5,
        }
      }
    >
      <View
        style={
          Object {
            "alignItems": "center",
            "flexDirection": "column",
            "height": 50,
            "justifyContent": "center",
          }
        }
      >
        <Text
          style={
            Array [
              Object {
                "color": "#333333",
                "fontFamily": "OpenSans-Semibold",
              },
              Object {
                "color": "#ffffff",
                "fontSize": 12,
              },
            ]
          }
        >
          TITLE_1
        </Text>
        <Text
          style={
            Object {
              "color": "#ffffff",
              "fontSize": 10,
            }
          }
        >
          subtitle_1
        </Text>
      </View>
    </View>
    <View
      accessible={true}
      collapsable={false}
      focusable={true}
      onClick={[Function]}
      onResponderGrant={[Function]}
      onResponderMove={[Function]}
      onResponderRelease={[Function]}
      onResponderTerminate={[Function]}
      onResponderTerminationRequest={[Function]}
      onStartShouldSetResponder={[Function]}
      style={
        Object {
          "borderColor": "#dedede",
          "borderRadius": 30,
          "borderWidth": 1,
          "height": 50,
          "marginBottom": 10,
          "marginTop": 10,
          "opacity": 1,
          "width": 322.5,
        }
      }
    >
      <View
        style={
          Object {
            "alignItems": "center",
            "flexDirection": "column",
            "height": 50,
            "justifyContent": "center",
          }
        }
      >
        <Text
          style={
            Array [
              Object {
                "color": "#333333",
                "fontFamily": "OpenSans-Semibold",
              },
              Object {
                "color": "#333333",
                "fontSize": 12,
              },
            ]
          }
        >
          TITLE_2
        </Text>
        <Text
          style={
            Object {
              "color": "#bbbbbb",
              "fontSize": 10,
            }
          }
        >
          subtitle_2
        </Text>
      </View>
    </View>
  </View>
</View>
`;
