// Jest Snapshot v1, https://goo.gl/fbAQLP

exports[`CalculatorRow renders snapshot correctly 1`] = `
<View
  style={
    {
      "flex": 1,
      "flexDirection": "column",
      "marginBottom": 20,
      "marginTop": 20,
      "paddingLeft": 15,
      "paddingRight": 15,
      "width": 750,
    }
  }
>
  <Text
    style={
      {
        "color": "#333333",
        "fontFamily": "OpenSans-Semibold",
        "fontSize": 16,
      }
    }
  >
    How tall are you?
  </Text>
  <View
    style={
      {
        "flex": 1,
        "flexDirection": "row",
        "justifyContent": "space-between",
        "marginBottom": 20,
        "marginTop": 20,
      }
    }
  >
    <TextInput
      autoCorrect={false}
      keyboardType="number-pad"
      onChangeText={[Function]}
      returnKeyType="done"
      style={
        [
          {
            "borderBottomColor": "#dedede",
            "borderBottomWidth": 1,
            "color": "#333333",
            "fontSize": 12,
            "paddingBottom": 15,
            "paddingTop": 2,
          },
          {
            "width": 330,
          },
        ]
      }
      testID="input"
      value="5"
    />
    <View
      accessible={true}
      collapsable={false}
      focusable={true}
      onClick={[Function]}
      onResponderGrant={[Function]}
      onResponderMove={[Function]}
      onResponderRelease={[Function]}
      onResponderTerminate={[Function]}
      onResponderTerminationRequest={[Function]}
      onStartShouldSetResponder={[Function]}
      style={
        {
          "alignItems": "center",
          "backgroundColor": "#ffffff",
          "borderColor": "#bbbbbb",
          "borderRadius": 10,
          "borderWidth": 1,
          "flexDirection": "column",
          "height": 20,
          "justifyContent": "center",
          "opacity": 1,
          "width": 150,
        }
      }
      testID="calc_btn"
    >
      <Text
        style={
          {
            "color": "#bbbbbb",
            "fontSize": 10,
          }
        }
      >
        feet
      </Text>
    </View>
    <View
      accessible={true}
      collapsable={false}
      focusable={true}
      onClick={[Function]}
      onResponderGrant={[Function]}
      onResponderMove={[Function]}
      onResponderRelease={[Function]}
      onResponderTerminate={[Function]}
      onResponderTerminationRequest={[Function]}
      onStartShouldSetResponder={[Function]}
      style={
        {
          "alignItems": "center",
          "backgroundColor": "#ffffff",
          "borderColor": "#bbbbbb",
          "borderRadius": 10,
          "borderWidth": 1,
          "flexDirection": "column",
          "height": 20,
          "justifyContent": "center",
          "opacity": 1,
          "width": 150,
        }
      }
      testID="calc_btn"
    >
      <Text
        style={
          {
            "color": "#bbbbbb",
            "fontSize": 10,
          }
        }
      >
        centimeter
      </Text>
    </View>
  </View>
</View>
`;
