// Jest Snapshot v1, https://goo.gl/fbAQLP

exports[`TimeListItem renders snapshot correctly 1`] = `
<View
  style={
    {
      "alignItems": "center",
      "backgroundColor": "#7bc1ff",
      "borderRadius": 8,
      "flexDirection": "row",
      "justifyContent": "space-between",
      "marginBottom": 7,
      "paddingHorizontal": 15,
      "paddingVertical": 7,
    }
  }
>
  <View
    style={
      {
        "alignItems": "center",
        "flexDirection": "row",
      }
    }
  >
    <time.svg
      color="#ffffff"
    />
    <Text
      style={
        {
          "color": "#ffffff",
          "fontWeight": "bold",
          "marginLeft": 15,
        }
      }
    >
      11:00 AM
    </Text>
  </View>
  <View
    accessible={true}
    collapsable={false}
    focusable={true}
    hitSlop={16}
    onBlur={[Function]}
    onClick={[Function]}
    onFocus={[Function]}
    onResponderGrant={[Function]}
    onResponderMove={[Function]}
    onResponderRelease={[Function]}
    onResponderTerminate={[Function]}
    onResponderTerminationRequest={[Function]}
    onStartShouldSetResponder={[Function]}
    style={
      [
        {
          "opacity": 1,
        },
        {
          "alignItems": "center",
          "justifyContent": "center",
        },
        undefined,
      ]
    }
    testID="del_button"
  >
    <trash.svg
      color="#ffffff"
    />
  </View>
</View>
`;
