// Jest Snapshot v1, https://goo.gl/fbAQLP

exports[`Menu Screen renders snapshot correctly 1`] = `
<View
  style={
    Object {
      "flex": 1,
    }
  }
>
  <RNCSafeAreaProvider
    onInsetsChange={[Function]}
    style={
      Array [
        Object {
          "flex": 1,
        },
        undefined,
      ]
    }
  >
    <View
      style={
        Array [
          Object {
            "backgroundColor": "rgb(242, 242, 242)",
            "flex": 1,
          },
          undefined,
        ]
      }
    >
      <View
        collapsable={false}
        pointerEvents="box-none"
        style={
          Object {
            "zIndex": 1,
          }
        }
      >
        <View
          accessibilityElementsHidden={false}
          importantForAccessibility="auto"
          onLayout={[Function]}
          pointerEvents="box-none"
          style={null}
        >
          <View
            collapsable={false}
            pointerEvents="box-none"
            style={
              Object {
                "bottom": 0,
                "left": 0,
                "opacity": 1,
                "position": "absolute",
                "right": 0,
                "top": 0,
                "zIndex": 0,
              }
            }
          >
            <View
              collapsable={false}
              style={
                Object {
                  "backgroundColor": "rgb(255, 255, 255)",
                  "borderBottomColor": "rgb(216, 216, 216)",
                  "flex": 1,
                  "shadowColor": "rgb(216, 216, 216)",
                  "shadowOffset": Object {
                    "height": 0.5,
                    "width": 0,
                  },
                  "shadowOpacity": 0.85,
                  "shadowRadius": 0,
                }
              }
            />
          </View>
          <View
            collapsable={false}
            pointerEvents="box-none"
            style={
              Object {
                "height": 44,
                "maxHeight": undefined,
                "minHeight": undefined,
                "opacity": undefined,
                "transform": undefined,
              }
            }
          >
            <View
              pointerEvents="none"
              style={
                Object {
                  "height": 0,
                }
              }
            />
            <View
              pointerEvents="box-none"
              style={
                Object {
                  "alignItems": "stretch",
                  "flex": 1,
                  "flexDirection": "row",
                }
              }
            >
              <View
                collapsable={false}
                pointerEvents="box-none"
                style={
                  Object {
                    "alignItems": "flex-start",
                    "flexBasis": 0,
                    "flexGrow": 1,
                    "justifyContent": "center",
                    "marginStart": 0,
                    "opacity": 1,
                  }
                }
              >
                <View
                  accessible={true}
                  collapsable={false}
                  focusable={true}
                  hitSlop={8}
                  onBlur={[Function]}
                  onClick={[Function]}
                  onFocus={[Function]}
                  onResponderGrant={[Function]}
                  onResponderMove={[Function]}
                  onResponderRelease={[Function]}
                  onResponderTerminate={[Function]}
                  onResponderTerminationRequest={[Function]}
                  onStartShouldSetResponder={[Function]}
                  style={
                    Object {
                      "paddingHorizontal": 24,
                    }
                  }
                >
                  <notification.svg
                    color="#ffffff"
                  />
                </View>
              </View>
              <View
                collapsable={false}
                pointerEvents="box-none"
                style={
                  Object {
                    "justifyContent": "center",
                    "marginHorizontal": 16,
                    "maxWidth": 590,
                    "opacity": 1,
                  }
                }
              />
              <View
                collapsable={false}
                pointerEvents="box-none"
                style={
                  Object {
                    "alignItems": "flex-end",
                    "flexBasis": 0,
                    "flexGrow": 1,
                    "justifyContent": "center",
                    "marginEnd": 0,
                    "opacity": 1,
                  }
                }
              >
                <View
                  accessible={true}
                  collapsable={false}
                  focusable={true}
                  onBlur={[Function]}
                  onClick={[Function]}
                  onFocus={[Function]}
                  onResponderGrant={[Function]}
                  onResponderMove={[Function]}
                  onResponderRelease={[Function]}
                  onResponderTerminate={[Function]}
                  onResponderTerminationRequest={[Function]}
                  onStartShouldSetResponder={[Function]}
                  style={
                    Object {
                      "paddingHorizontal": 24,
                    }
                  }
                >
                  <log out.svg
                    color="#ffffff"
                  />
                </View>
              </View>
            </View>
          </View>
        </View>
      </View>
      <RNSScreenContainer
        onLayout={[Function]}
        style={
          Object {
            "flex": 1,
          }
        }
      >
        <RNSScreen
          activityState={2}
          collapsable={false}
          forwardedRef={[Function]}
          gestureResponseDistance={
            Object {
              "bottom": -1,
              "end": -1,
              "start": -1,
              "top": -1,
            }
          }
          pointerEvents="box-none"
          style={
            Object {
              "bottom": 0,
              "left": 0,
              "position": "absolute",
              "right": 0,
              "top": 0,
            }
          }
        >
          <View
            collapsable={false}
            style={
              Object {
                "opacity": 1,
              }
            }
          />
          <View
            accessibilityElementsHidden={false}
            closing={false}
            gestureVelocityImpact={0.3}
            importantForAccessibility="auto"
            onClose={[Function]}
            onGestureBegin={[Function]}
            onGestureCanceled={[Function]}
            onGestureEnd={[Function]}
            onOpen={[Function]}
            onTransition={[Function]}
            pointerEvents="box-none"
            style={
              Array [
                Object {
                  "display": "flex",
                  "overflow": undefined,
                },
                Object {
                  "bottom": 0,
                  "left": 0,
                  "position": "absolute",
                  "right": 0,
                  "top": 0,
                },
              ]
            }
            transitionSpec={
              Object {
                "close": Object {
                  "animation": "spring",
                  "config": Object {
                    "damping": 500,
                    "mass": 3,
                    "overshootClamping": true,
                    "restDisplacementThreshold": 10,
                    "restSpeedThreshold": 10,
                    "stiffness": 1000,
                  },
                },
                "open": Object {
                  "animation": "spring",
                  "config": Object {
                    "damping": 500,
                    "mass": 3,
                    "overshootClamping": true,
                    "restDisplacementThreshold": 10,
                    "restSpeedThreshold": 10,
                    "stiffness": 1000,
                  },
                },
              }
            }
          >
            <View
              collapsable={false}
              pointerEvents="box-none"
              style={
                Object {
                  "flex": 1,
                }
              }
            >
              <View
                collapsable={false}
                forwardedRef={[Function]}
                handlerTag={1}
                handlerType="PanGestureHandler"
                needsOffscreenAlphaCompositing={false}
                onGestureHandlerEvent={[Function]}
                onGestureHandlerStateChange={[Function]}
                style={
                  Object {
                    "flex": 1,
                    "transform": Array [
                      Object {
                        "translateX": 0,
                      },
                      Object {
                        "translateX": 0,
                      },
                    ],
                  }
                }
              >
                <View
                  style={
                    Array [
                      Object {
                        "flex": 1,
                        "overflow": "hidden",
                      },
                      Array [
                        Object {
                          "backgroundColor": "rgb(242, 242, 242)",
                        },
                        undefined,
                      ],
                    ]
                  }
                >
                  <View
                    style={
                      Object {
                        "flex": 1,
                        "flexDirection": "column-reverse",
                      }
                    }
                  >
                    <View
                      style={
                        Object {
                          "flex": 1,
                        }
                      }
                    >
                      <BVLinearGradient
                        colors={
                          Array [
                            4294610389,
                            4291149311,
                          ]
                        }
                        endPoint={
                          Object {
                            "x": 0.5,
                            "y": 1,
                          }
                        }
                        locations={null}
                        startPoint={
                          Object {
                            "x": 0.5,
                            "y": 0,
                          }
                        }
                        style={
                          Object {
                            "alignItems": "center",
                            "flex": 1,
                          }
                        }
                      >
                        <View
                          style={
                            Object {
                              "flex": 1,
                              "flexDirection": "column",
                              "marginHorizontal": 15,
                              "marginTop": 30,
                              "padding": 24,
                              "width": "100%",
                            }
                          }
                        >
                          <View
                            style={
                              Object {
                                "alignSelf": "center",
                                "marginBottom": 20,
                                "marginTop": 53,
                              }
                            }
                          >
                            <fitbody.svg
                              color="#ffffff"
                            />
                          </View>
                          <RCTScrollView
                            showsVerticalScrollIndicator={false}
                          >
                            <View>
                              <View
                                accessible={true}
                                collapsable={false}
                                focusable={true}
                                onClick={[Function]}
                                onResponderGrant={[Function]}
                                onResponderMove={[Function]}
                                onResponderRelease={[Function]}
                                onResponderTerminate={[Function]}
                                onResponderTerminationRequest={[Function]}
                                onStartShouldSetResponder={[Function]}
                                style={
                                  Object {
                                    "alignItems": "center",
                                    "backgroundColor": "#ffffff",
                                    "borderRadius": 8,
                                    "flexDirection": "row",
                                    "height": 55,
                                    "justifyContent": "center",
                                    "marginBottom": 12,
                                    "marginTop": 12,
                                    "opacity": 1,
                                  }
                                }
                              >
                                <Text
                                  style={
                                    Object {
                                      "color": "#fa8dd5",
                                      "fontFamily": "OpenSans-Semibold",
                                      "fontSize": 16,
                                    }
                                  }
                                >
                                  SUBSCRIBE NOW
                                </Text>
                              </View>
                              <View
                                accessible={true}
                                collapsable={false}
                                focusable={true}
                                onClick={[Function]}
                                onResponderGrant={[Function]}
                                onResponderMove={[Function]}
                                onResponderRelease={[Function]}
                                onResponderTerminate={[Function]}
                                onResponderTerminationRequest={[Function]}
                                onStartShouldSetResponder={[Function]}
                                style={
                                  Object {
                                    "alignItems": "center",
                                    "backgroundColor": "#ffffff",
                                    "borderRadius": 8,
                                    "flexDirection": "row",
                                    "height": 55,
                                    "justifyContent": "center",
                                    "marginBottom": 12,
                                    "marginTop": 12,
                                    "opacity": 1,
                                  }
                                }
                              >
                                <Text
                                  style={
                                    Object {
                                      "color": "#fa8dd5",
                                      "fontFamily": "OpenSans-Semibold",
                                      "fontSize": 16,
                                    }
                                  }
                                >
                                  FORCE DOWNLOAD
                                </Text>
                              </View>
                              <View
                                accessible={true}
                                collapsable={false}
                                focusable={true}
                                onClick={[Function]}
                                onResponderGrant={[Function]}
                                onResponderMove={[Function]}
                                onResponderRelease={[Function]}
                                onResponderTerminate={[Function]}
                                onResponderTerminationRequest={[Function]}
                                onStartShouldSetResponder={[Function]}
                                style={
                                  Object {
                                    "alignItems": "center",
                                    "backgroundColor": "#ffffff",
                                    "borderRadius": 8,
                                    "flexDirection": "row",
                                    "height": 55,
                                    "justifyContent": "center",
                                    "marginBottom": 12,
                                    "marginTop": 12,
                                    "opacity": 1,
                                  }
                                }
                              >
                                <Text
                                  style={
                                    Object {
                                      "color": "#fa8dd5",
                                      "fontFamily": "OpenSans-Semibold",
                                      "fontSize": 16,
                                    }
                                  }
                                >
                                  [MISSING "EN.APP.PROFILE.COPY4" TRANSLATION]
                                </Text>
                              </View>
                              <View
                                accessible={true}
                                collapsable={false}
                                focusable={true}
                                onClick={[Function]}
                                onResponderGrant={[Function]}
                                onResponderMove={[Function]}
                                onResponderRelease={[Function]}
                                onResponderTerminate={[Function]}
                                onResponderTerminationRequest={[Function]}
                                onStartShouldSetResponder={[Function]}
                                style={
                                  Object {
                                    "alignItems": "center",
                                    "backgroundColor": "#ffffff",
                                    "borderRadius": 8,
                                    "flexDirection": "row",
                                    "height": 55,
                                    "justifyContent": "center",
                                    "marginBottom": 12,
                                    "marginTop": 12,
                                    "opacity": 1,
                                  }
                                }
                              >
                                <Text
                                  style={
                                    Object {
                                      "color": "#fa8dd5",
                                      "fontFamily": "OpenSans-Semibold",
                                      "fontSize": 16,
                                    }
                                  }
                                >
                                  [MISSING "EN.APP.PROFILE.COPY56" TRANSLATION]
                                </Text>
                              </View>
                              <View
                                accessible={true}
                                collapsable={false}
                                focusable={true}
                                onClick={[Function]}
                                onResponderGrant={[Function]}
                                onResponderMove={[Function]}
                                onResponderRelease={[Function]}
                                onResponderTerminate={[Function]}
                                onResponderTerminationRequest={[Function]}
                                onStartShouldSetResponder={[Function]}
                                style={
                                  Object {
                                    "alignItems": "center",
                                    "backgroundColor": "#ffffff",
                                    "borderRadius": 8,
                                    "flexDirection": "row",
                                    "height": 55,
                                    "justifyContent": "center",
                                    "marginBottom": 12,
                                    "marginTop": 12,
                                    "opacity": 1,
                                  }
                                }
                              >
                                <Text
                                  style={
                                    Object {
                                      "color": "#fa8dd5",
                                      "fontFamily": "OpenSans-Semibold",
                                      "fontSize": 16,
                                    }
                                  }
                                >
                                  [MISSING "EN.APP.PROFILE.COPY5" TRANSLATION]
                                </Text>
                              </View>
                              <View
                                accessible={true}
                                collapsable={false}
                                focusable={true}
                                onClick={[Function]}
                                onResponderGrant={[Function]}
                                onResponderMove={[Function]}
                                onResponderRelease={[Function]}
                                onResponderTerminate={[Function]}
                                onResponderTerminationRequest={[Function]}
                                onStartShouldSetResponder={[Function]}
                                style={
                                  Object {
                                    "alignItems": "center",
                                    "backgroundColor": "#ffffff",
                                    "borderRadius": 8,
                                    "flexDirection": "row",
                                    "height": 55,
                                    "justifyContent": "center",
                                    "marginBottom": 12,
                                    "marginTop": 12,
                                    "opacity": 1,
                                  }
                                }
                              >
                                <Text
                                  style={
                                    Object {
                                      "color": "#fa8dd5",
                                      "fontFamily": "OpenSans-Semibold",
                                      "fontSize": 16,
                                    }
                                  }
                                >
                                  [MISSING "EN.APP.PROFILE.COPY1" TRANSLATION]
                                </Text>
                              </View>
                              <View
                                accessible={true}
                                collapsable={false}
                                focusable={true}
                                onClick={[Function]}
                                onResponderGrant={[Function]}
                                onResponderMove={[Function]}
                                onResponderRelease={[Function]}
                                onResponderTerminate={[Function]}
                                onResponderTerminationRequest={[Function]}
                                onStartShouldSetResponder={[Function]}
                                style={
                                  Object {
                                    "alignItems": "center",
                                    "backgroundColor": "#ffffff",
                                    "borderRadius": 8,
                                    "flexDirection": "row",
                                    "height": 55,
                                    "justifyContent": "center",
                                    "marginBottom": 12,
                                    "marginTop": 12,
                                    "opacity": 1,
                                  }
                                }
                              >
                                <Text
                                  style={
                                    Object {
                                      "color": "#fa8dd5",
                                      "fontFamily": "OpenSans-Semibold",
                                      "fontSize": 16,
                                    }
                                  }
                                >
                                  [MISSING "EN.APP.PROFILE.COPY" TRANSLATION]
                                </Text>
                              </View>
                              <View
                                accessible={true}
                                collapsable={false}
                                focusable={true}
                                onClick={[Function]}
                                onResponderGrant={[Function]}
                                onResponderMove={[Function]}
                                onResponderRelease={[Function]}
                                onResponderTerminate={[Function]}
                                onResponderTerminationRequest={[Function]}
                                onStartShouldSetResponder={[Function]}
                                style={
                                  Object {
                                    "alignItems": "center",
                                    "backgroundColor": "#ffffff",
                                    "borderRadius": 8,
                                    "flexDirection": "row",
                                    "height": 55,
                                    "justifyContent": "center",
                                    "marginBottom": 12,
                                    "marginTop": 12,
                                    "opacity": 1,
                                  }
                                }
                              >
                                <Text
                                  style={
                                    Object {
                                      "color": "#fa8dd5",
                                      "fontFamily": "OpenSans-Semibold",
                                      "fontSize": 16,
                                    }
                                  }
                                >
                                  [MISSING "EN.APP.PROFILE.COPY6" TRANSLATION]
                                </Text>
                              </View>
                            </View>
                          </RCTScrollView>
                        </View>
                      </BVLinearGradient>
                    </View>
                  </View>
                </View>
              </View>
            </View>
          </View>
        </RNSScreen>
      </RNSScreenContainer>
    </View>
  </RNCSafeAreaProvider>
</View>
`;
