// Jest Snapshot v1, https://goo.gl/fbAQLP

exports[`SignInSignUp Screen renders snapshot correctly 1`] = `
<View
  style={
    Object {
      "flex": 1,
    }
  }
>
  <RNCSafeAreaProvider
    onInsetsChange={[Function]}
    style={
      Array [
        Object {
          "flex": 1,
        },
        undefined,
      ]
    }
  >
    <View
      style={
        Array [
          Object {
            "backgroundColor": "rgb(242, 242, 242)",
            "flex": 1,
          },
          undefined,
        ]
      }
    >
      <RNSScreenContainer
        onLayout={[Function]}
        style={
          Object {
            "flex": 1,
          }
        }
      >
        <RNSScreen
          activityState={2}
          collapsable={false}
          forwardedRef={[Function]}
          gestureResponseDistance={
            Object {
              "bottom": -1,
              "end": -1,
              "start": -1,
              "top": -1,
            }
          }
          pointerEvents="box-none"
          style={
            Object {
              "bottom": 0,
              "left": 0,
              "position": "absolute",
              "right": 0,
              "top": 0,
            }
          }
        >
          <View
            collapsable={false}
            style={
              Object {
                "opacity": 1,
              }
            }
          />
          <View
            accessibilityElementsHidden={false}
            closing={false}
            gestureVelocityImpact={0.3}
            importantForAccessibility="auto"
            onClose={[Function]}
            onGestureBegin={[Function]}
            onGestureCanceled={[Function]}
            onGestureEnd={[Function]}
            onOpen={[Function]}
            onTransition={[Function]}
            pointerEvents="box-none"
            style={
              Array [
                Object {
                  "display": "flex",
                  "overflow": undefined,
                },
                Object {
                  "bottom": 0,
                  "left": 0,
                  "position": "absolute",
                  "right": 0,
                  "top": 0,
                },
              ]
            }
            transitionSpec={
              Object {
                "close": Object {
                  "animation": "spring",
                  "config": Object {
                    "damping": 500,
                    "mass": 3,
                    "overshootClamping": true,
                    "restDisplacementThreshold": 10,
                    "restSpeedThreshold": 10,
                    "stiffness": 1000,
                  },
                },
                "open": Object {
                  "animation": "spring",
                  "config": Object {
                    "damping": 500,
                    "mass": 3,
                    "overshootClamping": true,
                    "restDisplacementThreshold": 10,
                    "restSpeedThreshold": 10,
                    "stiffness": 1000,
                  },
                },
              }
            }
          >
            <View
              collapsable={false}
              pointerEvents="box-none"
              style={
                Object {
                  "flex": 1,
                  "marginTop": 0,
                }
              }
            >
              <View
                collapsable={false}
                forwardedRef={[Function]}
                handlerTag={1}
                handlerType="PanGestureHandler"
                needsOffscreenAlphaCompositing={false}
                onGestureHandlerEvent={[Function]}
                onGestureHandlerStateChange={[Function]}
                style={
                  Object {
                    "flex": 1,
                    "transform": Array [
                      Object {
                        "translateX": 0,
                      },
                      Object {
                        "translateX": 0,
                      },
                    ],
                  }
                }
              >
                <View
                  style={
                    Array [
                      Object {
                        "flex": 1,
                        "overflow": "hidden",
                      },
                      Array [
                        Object {
                          "backgroundColor": "rgb(242, 242, 242)",
                        },
                        undefined,
                      ],
                    ]
                  }
                >
                  <View
                    style={
                      Object {
                        "flex": 1,
                        "flexDirection": "column-reverse",
                      }
                    }
                  >
                    <View
                      style={
                        Object {
                          "flex": 1,
                        }
                      }
                    >
                      <View
                        accessibilityIgnoresInvertColors={true}
                        style={
                          Object {
                            "alignItems": "center",
                            "display": "flex",
                            "height": 724.6376811594203,
                            "justifyContent": "center",
                            "width": 750,
                          }
                        }
                      >
                        <Image
                          resizeMode="cover"
                          source="login-bg.jpg"
                          style={
                            Array [
                              Object {
                                "bottom": 0,
                                "left": 0,
                                "position": "absolute",
                                "right": 0,
                                "top": 0,
                              },
                              Object {
                                "height": 724.6376811594203,
                                "width": 750,
                              },
                              undefined,
                            ]
                          }
                        />
                        <fitbody_white.svg
                          style={
                            Object {
                              "marginTop": 100,
                            }
                          }
                        />
                      </View>
                      <View
                        accessible={true}
                        collapsable={false}
                        focusable={true}
                        hitSlop={16}
                        onBlur={[Function]}
                        onClick={[Function]}
                        onFocus={[Function]}
                        onResponderGrant={[Function]}
                        onResponderMove={[Function]}
                        onResponderRelease={[Function]}
                        onResponderTerminate={[Function]}
                        onResponderTerminationRequest={[Function]}
                        onStartShouldSetResponder={[Function]}
                        style={
                          Array [
                            Object {
                              "backgroundColor": "transparent",
                              "opacity": 1,
                            },
                            Object {
                              "alignItems": "center",
                              "borderRadius": 30,
                              "display": "flex",
                              "height": 42,
                              "justifyContent": "center",
                              "marginHorizontal": 7,
                              "width": 42,
                            },
                            Object {
                              "left": 0,
                              "position": "absolute",
                              "top": 60,
                              "zIndex": 5,
                            },
                          ]
                        }
                      >
                        <arrow-left.svg
                          color="#ffffff"
                          testID="back_arrow"
                        />
                      </View>
                      <View
                        style={
                          Object {
                            "flex": 1,
                            "marginHorizontal": 24,
                            "marginVertical": 32,
                          }
                        }
                      >
                        <Text
                          style={
                            Object {
                              "fontFamily": "BebasNeue",
                              "fontSize": 30,
                              "marginBottom": 21,
                            }
                          }
                        >
                          LOG IN
                        </Text>
                        <View
                          style={
                            Array [
                              Object {
                                "position": "relative",
                              },
                              Object {
                                "marginBottom": 10,
                              },
                            ]
                          }
                        >
                          <Text
                            style={
                              Object {
                                "color": "#333333",
                                "fontFamily": "OpenSans-Bold",
                                "fontSize": 16,
                                "marginBottom": 2,
                              }
                            }
                          >
                            Email:
                          </Text>
                          <TextInput
                            autoCapitalize="none"
                            autoCorrect={false}
                            autoFocus={true}
                            keyboardType="email-address"
                            onChangeText={[Function]}
                            onSubmitEditing={[Function]}
                            placeholderTextColor="rgba(0, 0, 0, 0.5)"
                            returnKeyType="next"
                            secureTextEntry={false}
                            style={
                              Array [
                                Object {
                                  "borderRadius": 3,
                                  "borderWidth": 1,
                                  "color": "#333333",
                                  "fontSize": 16,
                                  "height": 40,
                                  "marginBottom": 4,
                                  "paddingLeft": 6,
                                },
                                undefined,
                              ]
                            }
                            testID="loginemail"
                            value=""
                          />
                          <View
                            style={
                              Object {
                                "height": 23,
                              }
                            }
                          />
                        </View>
                        <View
                          style={
                            Array [
                              Object {
                                "position": "relative",
                              },
                              undefined,
                            ]
                          }
                        >
                          <Text
                            style={
                              Object {
                                "color": "#333333",
                                "fontFamily": "OpenSans-Bold",
                                "fontSize": 16,
                                "marginBottom": 2,
                              }
                            }
                          >
                            Password:
                          </Text>
                          <TextInput
                            autoCapitalize="none"
                            autoCorrect={false}
                            autoFocus={false}
                            keyboardType="default"
                            onChangeText={[Function]}
                            onSubmitEditing={[Function]}
                            placeholderTextColor="rgba(0, 0, 0, 0.5)"
                            returnKeyType="send"
                            secureTextEntry={true}
                            style={
                              Array [
                                Object {
                                  "borderRadius": 3,
                                  "borderWidth": 1,
                                  "color": "#333333",
                                  "fontSize": 16,
                                  "height": 40,
                                  "marginBottom": 4,
                                  "paddingLeft": 6,
                                },
                                undefined,
                              ]
                            }
                            value=""
                          />
                          <View
                            style={
                              Object {
                                "height": 23,
                              }
                            }
                          />
                        </View>
                        <View
                          style={
                            Object {
                              "flex": 1,
                              "flexDirection": "row",
                              "justifyContent": "flex-end",
                            }
                          }
                        >
                          <View
                            accessible={true}
                            collapsable={false}
                            focusable={true}
                            onClick={[Function]}
                            onResponderGrant={[Function]}
                            onResponderMove={[Function]}
                            onResponderRelease={[Function]}
                            onResponderTerminate={[Function]}
                            onResponderTerminationRequest={[Function]}
                            onStartShouldSetResponder={[Function]}
                            style={
                              Object {
                                "opacity": 1,
                              }
                            }
                          >
                            <Text
                              style={
                                Object {
                                  "color": "#ff6c8f",
                                  "fontFamily": "OpenSans-Semibold",
                                  "fontSize": 14,
                                }
                              }
                            >
                              Forgot Password
                            </Text>
                          </View>
                        </View>
                        <View
                          style={
                            Object {
                              "flexDirection": "row",
                              "marginTop": 70,
                            }
                          }
                        >
                          <View
                            accessible={true}
                            collapsable={false}
                            focusable={true}
                            onBlur={[Function]}
                            onClick={[Function]}
                            onFocus={[Function]}
                            onResponderGrant={[Function]}
                            onResponderMove={[Function]}
                            onResponderRelease={[Function]}
                            onResponderTerminate={[Function]}
                            onResponderTerminationRequest={[Function]}
                            onStartShouldSetResponder={[Function]}
                            style={
                              Array [
                                Object {
                                  "opacity": 1,
                                },
                                Object {
                                  "alignItems": "center",
                                  "borderRadius": 8,
                                  "height": 56,
                                  "justifyContent": "center",
                                  "width": 114,
                                },
                                Object {
                                  "alignItems": "center",
                                  "backgroundColor": "#ff6c8f",
                                  "flex": 1,
                                  "flexDirection": "row",
                                  "height": 55,
                                  "justifyContent": "center",
                                },
                              ]
                            }
                          >
                            <Text
                              style={
                                Array [
                                  Object {
                                    "color": "#ffffff",
                                    "fontSize": 16,
                                  },
                                  Object {
                                    "color": "#ffffff",
                                    "fontFamily": "OpenSans",
                                    "fontSize": 16,
                                    "fontWeight": "600",
                                    "letterSpacing": -0.39,
                                    "lineHeight": 22,
                                    "textAlign": "center",
                                  },
                                ]
                              }
                            >
                              LOG IN 
                            </Text>
                          </View>
                        </View>
                        <View
                          style={
                            Array [
                              Object {
                                "alignSelf": "stretch",
                                "flexDirection": "row",
                                "justifyContent": "center",
                              },
                              Object {
                                "marginVertical": 20,
                              },
                            ]
                          }
                        >
                          <Text
                            style={
                              Array [
                                Object {
                                  "color": "#ffffff",
                                  "fontFamily": "OpenSans",
                                  "fontSize": 12,
                                  "letterSpacing": 0.4,
                                },
                                Object {
                                  "color": "#333333",
                                },
                              ]
                            }
                          >
                            Have Questions? 
                          </Text>
                          <RNGestureHandlerButton
                            collapsable={false}
                            exclusive={true}
                            handlerTag={2}
                            handlerType="NativeViewGestureHandler"
                            onGestureEvent={[Function]}
                            onGestureHandlerEvent={[Function]}
                            onGestureHandlerStateChange={[Function]}
                            onHandlerStateChange={[Function]}
                            rippleColor={0}
                            touchSoundDisabled={false}
                          >
                            <View
                              accessible={true}
                              collapsable={false}
                              style={
                                Object {
                                  "opacity": 1,
                                }
                              }
                            >
                              <Text
                                style={
                                  Array [
                                    Object {
                                      "color": "#ffffff",
                                      "fontFamily": "OpenSans-Bold",
                                      "fontSize": 12,
                                      "letterSpacing": 0.4,
                                    },
                                    Object {
                                      "color": "#ff6c8f",
                                    },
                                  ]
                                }
                              >
                                Contact Us.
                              </Text>
                            </View>
                          </RNGestureHandlerButton>
                        </View>
                      </View>
                    </View>
                  </View>
                </View>
              </View>
            </View>
          </View>
        </RNSScreen>
      </RNSScreenContainer>
      <View
        collapsable={false}
        pointerEvents="box-none"
        style={
          Object {
            "height": 44,
            "left": 0,
            "position": "absolute",
            "right": 0,
            "top": 0,
            "zIndex": 1,
          }
        }
      />
    </View>
  </RNCSafeAreaProvider>
</View>
`;
