// Jest Snapshot v1, https://goo.gl/fbAQLP

exports[`InviteModal renders snapshot correctly 1`] = `
<View
  style={
    Object {
      "flex": 1,
    }
  }
>
  <View
    style={
      Object {
        "alignItems": "center",
        "flex": 1,
        "flexDirection": "column",
        "justifyContent": "center",
      }
    }
  >
    <View
      collapsable={false}
      forwardedRef={[Function]}
      style={
        Object {
          "opacity": 0,
          "transform": Array [
            Object {
              "translateY": 100,
            },
          ],
        }
      }
    >
      <View
        style={
          Object {
            "backgroundColor": "#ffffff",
            "borderRadius": 8,
            "marginHorizontal": 16,
            "paddingHorizontal": 25,
            "paddingVertical": 31,
          }
        }
      >
        <View
          accessible={true}
          collapsable={false}
          focusable={true}
          hitSlop={16}
          onBlur={[Function]}
          onClick={[Function]}
          onFocus={[Function]}
          onResponderGrant={[Function]}
          onResponderMove={[Function]}
          onResponderRelease={[Function]}
          onResponderTerminate={[Function]}
          onResponderTerminationRequest={[Function]}
          onStartShouldSetResponder={[Function]}
          style={
            Array [
              Object {
                "opacity": 1,
              },
              Object {
                "alignItems": "center",
                "justifyContent": "center",
              },
              Object {
                "position": "absolute",
                "right": 8,
                "top": 8,
              },
            ]
          }
        >
          <close.svg
            color="#333333"
          />
        </View>
        <Text
          style={
            Object {
              "color": "black",
              "fontFamily": "OpenSans-Bold",
              "fontSize": 18,
              "marginBottom": 23,
              "textAlign": "center",
            }
          }
        >
          Loving the Fit Body app and 
 want to invite a friend?
        </Text>
        <View
          style={
            Object {
              "borderBottomColor": "#fa8dd5",
              "borderBottomWidth": 2,
              "borderTopColor": "#fa8dd5",
              "borderTopWidth": 2,
              "marginBottom": 24,
              "paddingVertical": 11,
            }
          }
        >
          <Text
            style={
              Object {
                "color": "#fa8dd5",
                "fontFamily": "BebasNeue",
                "fontSize": 45,
                "letterSpacing": 0,
                "textAlign": "center",
              }
            }
          >
            GIVE 25%. GET 25%.
          </Text>
        </View>
        <Text
          style={
            Object {
              "fontSize": 14,
              "textAlign": "center",
            }
          }
        >
          For every friend who signs up through your referral link, you get 25% commission on their first payment, and your friend gets 25% off their first payment!*

Bonus! For every 20 successful referrals, get an additional $20! 
 
 Join now to get your own share link and start earning today!
        </Text>
        <View
          style={
            Object {
              "alignItems": "center",
              "flexDirection": "row",
              "justifyContent": "space-between",
              "marginTop": 20,
              "width": "100%",
            }
          }
        >
          <View
            accessible={true}
            collapsable={false}
            focusable={true}
            onBlur={[Function]}
            onClick={[Function]}
            onFocus={[Function]}
            onResponderGrant={[Function]}
            onResponderMove={[Function]}
            onResponderRelease={[Function]}
            onResponderTerminate={[Function]}
            onResponderTerminationRequest={[Function]}
            onStartShouldSetResponder={[Function]}
            style={
              Array [
                Object {
                  "opacity": 1,
                },
                Object {
                  "alignItems": "center",
                  "borderRadius": 8,
                  "height": 56,
                  "justifyContent": "center",
                  "width": 114,
                },
                Object {
                  "alignItems": "center",
                  "backgroundColor": "#fa8dd5",
                  "borderRadius": 8,
                  "flex": 1,
                  "flexDirection": "row",
                  "height": 48,
                  "justifyContent": "center",
                },
              ]
            }
          >
            <Text
              style={
                Array [
                  Object {
                    "color": "#ffffff",
                    "fontSize": 16,
                  },
                  undefined,
                ]
              }
            >
              JOIN NOW
            </Text>
          </View>
        </View>
        <Text
          style={
            Object {
              "fontSize": 12,
              "marginTop": 16,
              "textAlign": "center",
            }
          }
        >
          *Friend must be a new member. Commission will be approved once friend makes their first payment.
        </Text>
      </View>
    </View>
  </View>
</View>
`;
